<?xml version="1.0" encoding="utf-8"?><testsuites><testsuite name="pytest" errors="0" failures="0" skipped="0" tests="67" time="0.768" timestamp="2026-04-13T22:00:19.251396" hostname="macbook-pro-de-arthur.home"><testcase classname="tests.integration.test_cart_api.TestCart" name="test_ajout_produit_au_panier" time="0.051" /><testcase classname="tests.integration.test_cart_api.TestCart" name="test_sous_total_calcule" time="0.017" /><testcase classname="tests.integration.test_cart_api.TestCart" name="test_ajout_stock_insuffisant_400" time="0.009" /><testcase classname="tests.integration.test_cart_api.TestCart" name="test_ajout_meme_produit_incremente_quantite" time="0.019" /><testcase classname="tests.integration.test_cart_api.TestCart" name="test_vider_panier" time="0.017" /><testcase classname="tests.integration.test_faker_products.TestProductsAvecFaker" name="test_creation_donnees_faker" time="0.009" /><testcase classname="tests.integration.test_faker_products.TestProductsAvecFaker" name="test_liste_avec_multiple_produits" time="0.039" /><testcase classname="tests.integration.test_faker_products.TestProductsAvecFaker" name="test_validation_prix[0.0-True]" time="0.005" /><testcase classname="tests.integration.test_faker_products.TestProductsAvecFaker" name="test_validation_prix[-1.0-True]" time="0.005" /><testcase classname="tests.integration.test_faker_products.TestProductsAvecFaker" name="test_validation_prix[0.01-False]" time="0.007" /><testcase classname="tests.integration.test_faker_products.TestProductsAvecFaker" name="test_validation_prix[9999.99-False]" time="0.007" /><testcase classname="tests.integration.test_faker_products.TestProductsAvecFaker" name="test_noms_longs" time="0.008" /><testcase classname="tests.integration.test_orders_api.TestOrders" name="test_creation_commande_valide" time="0.017" /><testcase classname="tests.integration.test_orders_api.TestOrders" name="test_total_ttc_correct" time="0.016" /><testcase classname="tests.integration.test_orders_api.TestOrders" name="test_commande_decremente_stock" time="0.017" /><testcase classname="tests.integration.test_orders_api.TestOrders" name="test_commande_vide_le_panier" time="0.020" /><testcase classname="tests.integration.test_orders_api.TestOrders" name="test_panier_vide_retourne_400" time="0.006" /><testcase classname="tests.integration.test_orders_api.TestOrders" name="test_commande_avec_coupon" time="0.020" /><testcase classname="tests.integration.test_orders_api.TestOrders" name="test_statut_pending_vers_confirmed" time="0.019" /><testcase classname="tests.integration.test_orders_api.TestOrders" name="test_transition_invalide_400" time="0.017" /><testcase classname="tests.integration.test_orders_api.TestOrders" name="test_coupon_inexistant_retourne_404" time="0.012" /><testcase classname="tests.integration.test_orders_api.TestOrders" name="test_get_commande_par_id" time="0.019" /><testcase classname="tests.integration.test_products_api.TestListProducts" name="test_liste_vide_au_demarrage" time="0.006" /><testcase classname="tests.integration.test_products_api.TestListProducts" name="test_produit_cree_apparait_dans_liste" time="0.011" /><testcase classname="tests.integration.test_products_api.TestListProducts" name="test_filtre_par_categorie" time="0.009" /><testcase classname="tests.integration.test_products_api.TestListProducts" name="test_pagination_limit" time="0.015" /><testcase classname="tests.integration.test_products_api.TestListProducts" name="test_pagination_skip" time="0.006" /><testcase classname="tests.integration.test_products_api.TestGetProduct" name="test_get_produit_existant" time="0.011" /><testcase classname="tests.integration.test_products_api.TestGetProduct" name="test_get_produit_inexistant_retourne_404" time="0.006" /><testcase classname="tests.integration.test_products_api.TestGetProduct" name="test_schema_complet" time="0.010" /><testcase classname="tests.integration.test_products_api.TestCreateProduct" name="test_creation_valide" time="0.007" /><testcase classname="tests.integration.test_products_api.TestCreateProduct" name="test_creation_prix_negatif_422" time="0.005" /><testcase classname="tests.integration.test_products_api.TestCreateProduct" name="test_creation_nom_vide_422" time="0.009" /><testcase classname="tests.integration.test_products_api.TestCreateProduct" name="test_creation_stock_negatif_422" time="0.005" /><testcase classname="tests.integration.test_products_api.TestCreateProduct" name="test_active_true_par_defaut" time="0.007" /><testcase classname="tests.integration.test_products_api.TestUpdateDeleteProduct" name="test_mise_a_jour_prix" time="0.033" /><testcase classname="tests.integration.test_products_api.TestUpdateDeleteProduct" name="test_mise_a_jour_stock" time="0.010" /><testcase classname="tests.integration.test_products_api.TestUpdateDeleteProduct" name="test_suppression_soft_delete" time="0.009" /><testcase classname="tests.integration.test_products_api.TestUpdateDeleteProduct" name="test_filtre_prix_min_max" time="0.012" /><testcase classname="tests.unit.test_pricing.TestCalculPrixTtc" name="test_prix_normal" time="0.000" /><testcase classname="tests.unit.test_pricing.TestCalculPrixTtc" name="test_prix_zero" time="0.000" /><testcase classname="tests.unit.test_pricing.TestCalculPrixTtc" name="test_arrondi_deux_decimales" time="0.000" /><testcase classname="tests.unit.test_pricing.TestCalculPrixTtc" name="test_prix_negatif_leve_exception" time="0.000" /><testcase classname="tests.unit.test_pricing.TestCalculPrixTtc" name="test_parametrise[50.0-60.0]" time="0.000" /><testcase classname="tests.unit.test_pricing.TestCalculPrixTtc" name="test_parametrise[199.99-239.99]" time="0.000" /><testcase classname="tests.unit.test_pricing.TestCalculPrixTtc" name="test_parametrise[0.01-0.01]" time="0.000" /><testcase classname="tests.unit.test_pricing.TestAppliquerCoupon" name="test_reduction_20_pourcent" time="0.003" /><testcase classname="tests.unit.test_pricing.TestAppliquerCoupon" name="test_coupon_inactif_leve_exception" time="0.003" /><testcase classname="tests.unit.test_pricing.TestAppliquerCoupon" name="test_reduction_invalide" time="0.003" /><testcase classname="tests.unit.test_pricing.TestAppliquerCoupon" name="test_calculer_total_avec_coupon" time="0.004" /><testcase classname="tests.unit.test_pricing.TestAppliquerCoupon" name="test_calculer_total_vide_retourne_zero" time="0.000" /><testcase classname="tests.unit.test_pricing" name="test_coupon_reductions_diverses[10-100.0-90.0]" time="0.002" /><testcase classname="tests.unit.test_pricing" name="test_coupon_reductions_diverses[50-200.0-100.0]" time="0.003" /><testcase classname="tests.unit.test_pricing" name="test_coupon_reductions_diverses[100-50.0-0.0]" time="0.002" /><testcase classname="tests.unit.test_pricing" name="test_coupon_reductions_diverses[1-100.0-99.0]" time="0.002" /><testcase classname="tests.unit.test_stock.TestVerifierStock" name="test_stock_suffisant" time="0.003" /><testcase classname="tests.unit.test_stock.TestVerifierStock" name="test_stock_insuffisant" time="0.004" /><testcase classname="tests.unit.test_stock.TestVerifierStock" name="test_stock_exactement_disponible" time="0.003" /><testcase classname="tests.unit.test_stock.TestVerifierStock" name="test_quantite_zero_leve_exception" time="0.003" /><testcase classname="tests.unit.test_stock.TestVerifierStock" name="test_quantite_negative_leve_exception" time="0.004" /><testcase classname="tests.unit.test_stock.TestReserverStock" name="test_reservation_reussie" time="0.004" /><testcase classname="tests.unit.test_stock.TestReserverStock" name="test_reservation_verifie_cle_redis" time="0.004" /><testcase classname="tests.unit.test_stock.TestReserverStock" name="test_stock_insuffisant_leve_exception" time="0.004" /><testcase classname="tests.unit.test_stock.TestReserverStock" name="test_stock_insuffisant_ne_modifie_pas_bdd" time="0.004" /><testcase classname="tests.unit.test_stock.TestReserverStock" name="test_redis_non_appele_si_exception" time="0.004" /><testcase classname="tests.unit.test_stock.TestReserverStock" name="test_liberation_stock" time="0.005" /><testcase classname="tests.unit.test_stock.TestReserverStock" name="test_liberer_stock_quantite_invalide_leve_exception" time="0.005" /></testsuite></testsuites>